\BOOKMARK [1][-]{section.2}{\376\377\000O\000v\000e\000r\000v\000i\000e\000w}{}% 1
\BOOKMARK [1][-]{section.3}{\376\377\000T\000a\000s\000k\000\040\0001\000:\000\040\000R\000e\000q\000u\000i\000r\000e\000m\000e\000n\000t\000s\000\040\000a\000n\000d\000\040\000S\000u\000b\000s\000y\000s\000t\000e\000m\000s}{}% 2
\BOOKMARK [2][-]{subsection.4}{\376\377\000F\000u\000n\000c\000t\000i\000o\000n\000a\000l\000\040\000r\000e\000q\000u\000i\000r\000e\000m\000e\000n\000t\000s}{section.3}% 3
\BOOKMARK [2][-]{subsection.6}{\376\377\000N\000o\000n\000-\000f\000u\000n\000c\000t\000i\000o\000n\000a\000l\000\040\000r\000e\000q\000u\000i\000r\000e\000m\000e\000n\000t\000s}{section.3}% 4
\BOOKMARK [2][-]{subsection.8}{\376\377\000K\000e\000y\000\040\000a\000r\000c\000h\000i\000t\000e\000c\000t\000u\000r\000a\000l\000l\000y\000\040\000s\000i\000g\000n\000i\000f\000i\000c\000a\000n\000t\000\040\000r\000e\000q\000u\000i\000r\000e\000m\000e\000n\000t\000s\000\040\000\050\000A\000S\000R\000s\000\051}{section.3}% 5
\BOOKMARK [2][-]{subsection.15}{\376\377\000S\000u\000b\000s\000y\000s\000t\000e\000m\000\040\000o\000v\000e\000r\000v\000i\000e\000w}{section.3}% 6
\BOOKMARK [1][-]{section.17}{\376\377\000T\000a\000s\000k\000\040\0002\000:\000\040\000A\000r\000c\000h\000i\000t\000e\000c\000t\000u\000r\000e\000\040\000F\000r\000a\000m\000e\000w\000o\000r\000k}{}% 7
\BOOKMARK [2][-]{subsection.18}{\376\377\000S\000t\000a\000k\000e\000h\000o\000l\000d\000e\000r\000s}{section.17}% 8
\BOOKMARK [2][-]{subsection.20}{\376\377\000A\000r\000c\000h\000i\000t\000e\000c\000t\000u\000r\000e\000\040\000V\000i\000e\000w\000s}{section.17}% 9
\BOOKMARK [3][-]{subsubsection.21}{\376\377\000A\000r\000c\000h\000i\000t\000e\000c\000t\000u\000r\000a\000l\000\040\000O\000v\000e\000r\000v\000i\000e\000w}{subsection.20}% 10
\BOOKMARK [3][-]{subsubsection.24}{\376\377\000A\000P\000I\000\040\000D\000e\000s\000i\000g\000n\000\040\000V\000i\000e\000w}{subsection.20}% 11
\BOOKMARK [3][-]{subsubsection.27}{\376\377\000F\000r\000o\000n\000t\000e\000n\000d\000\040\000a\000n\000d\000\040\000B\000a\000c\000k\000e\000n\000d\000\040\000S\000t\000r\000u\000c\000t\000u\000r\000e}{subsection.20}% 12
\BOOKMARK [3][-]{subsubsection.30}{\376\377\000F\000r\000o\000n\000t\000e\000n\000d\000\040\000C\0003\000\040\000D\000i\000a\000g\000r\000a\000m}{subsection.20}% 13
\BOOKMARK [3][-]{subsubsection.33}{\376\377\000B\000a\000c\000k\000e\000n\000d\000\040\000C\0003\000\040\000D\000i\000a\000g\000r\000a\000m}{subsection.20}% 14
\BOOKMARK [3][-]{subsubsection.36}{\376\377\000I\000n\000t\000e\000r\000a\000c\000t\000i\000o\000n\000\040\000F\000l\000o\000w}{subsection.20}% 15
\BOOKMARK [3][-]{subsubsection.39}{\376\377\000M\000e\000a\000l\000\040\000L\000o\000g\000g\000i\000n\000g\000\040\000S\000e\000q\000u\000e\000n\000c\000e}{subsection.20}% 16
\BOOKMARK [3][-]{subsubsection.42}{\376\377\000W\000o\000r\000k\000o\000u\000t\000\040\000L\000o\000g\000g\000i\000n\000g\000\040\000S\000e\000q\000u\000e\000n\000c\000e}{subsection.20}% 17
\BOOKMARK [2][-]{subsection.45}{\376\377\000M\000a\000j\000o\000r\000\040\000D\000e\000s\000i\000g\000n\000\040\000D\000e\000c\000i\000s\000i\000o\000n\000s\000\040\000\050\000A\000r\000c\000h\000i\000t\000e\000c\000t\000u\000r\000e\000\040\000D\000e\000c\000i\000s\000i\000o\000n\000\040\000R\000e\000c\000o\000r\000d\000s\000\051}{section.17}% 18
\BOOKMARK [3][-]{subsubsection.46}{\376\377\000A\000D\000R\000-\0000\0000\0000\0001\000:\000\040\000S\000t\000r\000i\000c\000t\000\040\000l\000a\000y\000e\000r\000e\000d\000\040\000m\000o\000n\000o\000l\000i\000t\000h\000\040\000a\000r\000c\000h\000i\000t\000e\000c\000t\000u\000r\000e}{subsection.45}% 19
\BOOKMARK [3][-]{subsubsection.47}{\376\377\000A\000D\000R\000-\0000\0000\0000\0002\000:\000\040\000A\000u\000t\000h\000e\000n\000t\000i\000c\000a\000t\000e\000d\000\040\000b\000a\000c\000k\000e\000n\000d\000\040\000A\000P\000I\000\040\000b\000o\000u\000n\000d\000a\000r\000y\000\040\000f\000o\000r\000\040\000a\000l\000l\000\040\000u\000s\000e\000r\000\040\000d\000a\000t\000a\000\040\000w\000r\000i\000t\000e\000s}{subsection.45}% 20
\BOOKMARK [3][-]{subsubsection.48}{\376\377\000A\000D\000R\000-\0000\0000\0000\0003\000:\000\040\000D\000e\000n\000o\000r\000m\000a\000l\000i\000s\000e\000d\000\040\000F\000i\000r\000e\000s\000t\000o\000r\000e\000\040\000m\000e\000a\000l\000\040\000d\000o\000c\000u\000m\000e\000n\000t}{subsection.45}% 21
\BOOKMARK [3][-]{subsubsection.49}{\376\377\000A\000D\000R\000-\0000\0000\0000\0004\000:\000\040\000S\000t\000r\000a\000t\000e\000g\000y\000\040\000+\000\040\000C\000h\000a\000i\000n\000-\000o\000f\000-\000R\000e\000s\000p\000o\000n\000s\000i\000b\000i\000l\000i\000t\000y\000\040\000f\000o\000r\000\040\000n\000u\000t\000r\000i\000t\000i\000o\000n\000\040\000l\000o\000o\000k\000u\000p}{subsection.45}% 22
\BOOKMARK [3][-]{subsubsection.50}{\376\377\000A\000D\000R\000-\0000\0000\0000\0005\000:\000\040\000G\000r\000a\000c\000e\000f\000u\000l\000\040\000d\000a\000s\000h\000b\000o\000a\000r\000d\000\040\000d\000e\000g\000r\000a\000d\000a\000t\000i\000o\000n\000\040\000u\000n\000d\000e\000r\000\040\000p\000a\000r\000t\000i\000a\000l\000\040\000s\000e\000r\000v\000i\000c\000e\000\040\000f\000a\000i\000l\000u\000r\000e\000s}{subsection.45}% 23
\BOOKMARK [1][-]{section.51}{\376\377\000T\000a\000s\000k\000\040\0003\000:\000\040\000A\000r\000c\000h\000i\000t\000e\000c\000t\000u\000r\000a\000l\000\040\000T\000a\000c\000t\000i\000c\000s\000\040\000a\000n\000d\000\040\000P\000a\000t\000t\000e\000r\000n\000s}{}% 24
\BOOKMARK [2][-]{subsection.52}{\376\377\000A\000r\000c\000h\000i\000t\000e\000c\000t\000u\000r\000a\000l\000\040\000t\000a\000c\000t\000i\000c\000s}{section.51}% 25
\BOOKMARK [2][-]{subsection.54}{\376\377\000I\000m\000p\000l\000e\000m\000e\000n\000t\000a\000t\000i\000o\000n\000\040\000p\000a\000t\000t\000e\000r\000n\000s}{section.51}% 26
\BOOKMARK [3][-]{subsubsection.55}{\376\377\000P\000a\000t\000t\000e\000r\000n\000\040\0001\000:\000\040\000S\000t\000r\000a\000t\000e\000g\000y\000\040\000P\000a\000t\000t\000e\000r\000n\000\040\000\050\000R\000e\000c\000o\000m\000m\000e\000n\000d\000a\000t\000i\000o\000n\000\040\000E\000n\000g\000i\000n\000e\000\051}{subsection.54}% 27
\BOOKMARK [3][-]{subsubsection.58}{\376\377\000P\000a\000t\000t\000e\000r\000n\000\040\0002\000:\000\040\000R\000e\000p\000o\000s\000i\000t\000o\000r\000y\000\040\000P\000a\000t\000t\000e\000r\000n}{subsection.54}% 28
\BOOKMARK [1][-]{section.62}{\376\377\000T\000a\000s\000k\000\040\0004\000:\000\040\000P\000r\000o\000t\000o\000t\000y\000p\000e\000\040\000I\000m\000p\000l\000e\000m\000e\000n\000t\000a\000t\000i\000o\000n\000\040\000a\000n\000d\000\040\000A\000r\000c\000h\000i\000t\000e\000c\000t\000u\000r\000e\000\040\000A\000n\000a\000l\000y\000s\000i\000s}{}% 29
\BOOKMARK [2][-]{subsection.63}{\376\377\000I\000m\000p\000l\000e\000m\000e\000n\000t\000e\000d\000\040\000p\000r\000o\000t\000o\000t\000y\000p\000e}{section.62}% 30
\BOOKMARK [2][-]{subsection.85}{\376\377\000A\000r\000c\000h\000i\000t\000e\000c\000t\000u\000r\000e\000\040\000c\000o\000m\000p\000a\000r\000i\000s\000o\000n\000:\000\040\000l\000a\000y\000e\000r\000e\000d\000\040\000m\000o\000n\000o\000l\000i\000t\000h\000\040\000v\000s\000.\000\040\000m\000i\000c\000r\000o\000s\000e\000r\000v\000i\000c\000e\000s}{section.62}% 31
\BOOKMARK [2][-]{subsection.87}{\376\377\000N\000F\000R\000\040\000q\000u\000a\000n\000t\000i\000f\000i\000c\000a\000t\000i\000o\000n}{section.62}% 32
\BOOKMARK [1][-]{section.89}{\376\377\000R\000e\000f\000l\000e\000c\000t\000i\000o\000n\000\040\000a\000n\000d\000\040\000L\000e\000s\000s\000o\000n\000s\000\040\000L\000e\000a\000r\000n\000e\000d}{}% 33
